"Bacteroides","Bacteroides uniformis","Sutterella","Adlercreutzia","Bacteroides ovatus","Parabacteroides distasonis","Odoribacter","Parabacteroides","Rikenellaceae","Lachnospiraceae 1","Lachnospiraceae 2","Coprococcus","Anaerostipes","Dorea 1","Erysipelotrichaceae","Bifidobacterium longum","Blautia","Dorea 2","Clostridiales","Lachnospira","Ruminococcaceae","Oscillospira","Ruminococcus 1","Coprobacillus","Enterobacteriaceae","Bifidobacterium","Turicibacter","Ruminococcus 2","Clostridiaceae 1","Clostridiaceae 2","Coriobacteriaceae","Christensenellaceae","Ruminococcus gnavus","Eggerthella lenta","Roseburia"
"Bacteroides",1,0.7195640856701423,0.5046846534740583,0,0,0,0,0,0,0,0,0,0,0,0,0,0,0,0,0,-0.4050912548327576,0,0,0,0,0,0,0,0,-0.5255600413744163,0,0,0,0,0
"Bacteroides uniformis",0.7195640856701423,1,0,0.4420542459928668,0.42273124354217295,0,0.4591265155148306,0,0,-0.4727361217021656,0,0,0,0,0,0,0,0,0,0,0,0,0,0,0,0,0,0,-0.4534095710472735,-0.6277654527676999,0,0,0,0,0
"Sutterella",0.5046846534740583,0,1,0,0,0,0,0,0,0,0,0,0,0,0,0,0,0,0,0,0,0,0,0,0,0,0,0,0,0,0,0,0,0,0
"Adlercreutzia",0,0.44205424599286675,0,1,0,0.5912242530296251,0,0,0,-0.5465548366909659,0,0,0,0,0,0,0,0,0,0,0,0,-0.4799509472793809,0,0,0.4286519923772925,0,0,0,0,0,0,0,0,0
"Bacteroides ovatus",0,0.4227312435421731,0,0,1,0.5354246123102968,0.5970764376910713,0,0,0,0,0,0,0,0,0,0,0,-0.5021723499075388,0,0,0,-0.4427867941278904,0,0,0,0,0,0,0,0,0,0,-0.4763784983197642,0
"Parabacteroides distasonis",0,0,0,0.591224253029625,0.5354246123102967,1,0.7609052831674851,0,0,-0.5282645312591561,0,0,0,0,0,0,0,0,0,0,0,0,0,0,0,0,0,0,0,0,0,0,0,0,0
"Odoribacter",0,0.45912651551483075,0,0,0.5970764376910713,0.7609052831674851,1,0,0,0,0,0,0,0,0,0,0,0,0,0,-0.4787532127766514,0,-0.4003199842872564,0,0,0,0,0,0,0,0,0,0,-0.5177174173168189,0
"Parabacteroides",0,0,0,0,0,0,0,1,0.5412707197380169,-0.5052185307161892,0,0,0,0,0,0,0,0,0,0,0,0,0,0,0,0,0,0,0,0,0,0,0,0,0
"Rikenellaceae",0,0,0,0,0,0,0,0.5412707197380168,1,0,0,0,0,0,0,0,0,0,0,0,0,0,0,0,0,0,0,0,0,0,0,0,0,0,0
"Lachnospiraceae 1",0,-0.47273612170216583,0,-0.5465548366909658,0,-0.5282645312591561,0,-0.5052185307161892,0,1,0.625178252381547,0.5050321583729721,0,0,0,0,0,0,0,0,0,0,0,0,0,0,0,0,0,0,0,0,0,0,0
"Lachnospiraceae 2",0,0,0,0,0,0,0,0,0,0.6251782523815469,1,0,0,0,0.39426465663641674,0,0,0,0,0,0,0,0,0,0,0,0,0,0,0,-0.44279964286919216,0,0,0,0
"Coprococcus",0,0,0,0,0,0,0,0,0,0.505032158372972,0,1,0,0,0,0,0,0,0,0,0,0,0.5237139154711884,0,0,0,0,0,0,0,0,0,0,0,0
"Anaerostipes",0,0,0,0,0,0,0,0,0,0,0,0,1,0,0.4246465377555252,0,0,0.3951738206383286,0,0,0,-0.5249861562379162,0,0,0,0,0,0,0,0,0,0,0,0,0
"Dorea 1",0,0,0,0,0,0,0,0,0,0,0,0,0,1,0.46814615485339905,0,0,0,0,0,0.45914126245248793,0,0,0,0,0,0,0,0,0,0,0,0,0,0
"Erysipelotrichaceae",0,0,0,0,0,0,0,0,0,0,0.39426465663641674,0,0.4246465377555252,0.4681461548533991,1,0,0,0,0,0,0,0,0,0,0,0,0,0,0,0,0,0,0,0,0
"Bifidobacterium longum",0,0,0,0,0,0,0,0,0,0,0,0,0,0,0,1,0.5690942309712643,0,0,0,0,-0.3976645952317518,0,0,0,0,0,0,0,0,0,0,0,-0.4121681120393712,0
"Blautia",0,0,0,0,0,0,0,0,0,0,0,0,0,0,0,0.569094230971264,1,0.47092953043478525,0,0,0,-0.4788852610745959,0,0,0,0,0,0,0,0,0,0,0,0,0
"Dorea 2",0,0,0,0,0,0,0,0,0,0,0,0,0.3951738206383286,0,0,0,0.47092953043478525,1,0,0,-0.3869406609343789,-0.41346915531691264,0,0,0,0,0,0,0,0.42702114680919895,0,0,0,0,0
"Clostridiales",0,0,0,0,-0.5021723499075393,0,0,0,0,0,0,0,0,0,0,0,0,0,1,0,0.5557410542097606,0,0.6665685247782259,0.4284909267640735,0,0,0,0,0,0,0,0,0,0,0
"Lachnospira",0,0,0,0,0,0,0,0,0,0,0,0,0,0,0,0,0,0,0,1,0.4359667955377017,0,0,0,0,0,0,0,0,0,0,0,0,0,0
"Ruminococcaceae",-0.4050912548327578,0,0,0,0,0,-0.4787532127766514,0,0,0,0,0,0,0.4591412624524879,0,0,0,-0.3869406609343791,0.5557410542097605,0.4359667955377016,1,0.5179558876260135,0.688363037806994,0,0,0,0,0,0,0,0,0,0,0,0
"Oscillospira",0,0,0,0,0,0,0,0,0,0,0,0,-0.5249861562379161,0,0,-0.3976645952317518,-0.4788852610745959,-0.41346915531691264,0,0,0.5179558876260135,1,0.5163659610430242,0,0.42152301087670874,0,0,0,0,0,0,0,0,0,0
"Ruminococcus 1",0,0,0,-0.47995094727938126,-0.4427867941278904,0,-0.4003199842872564,0,0,0,0,0.5237139154711884,0,0,0,0,0,0,0.6665685247782259,0,0.6883630378069941,0.516365961043024,1,0,0,0,0,0,0,0,0,0,0,0,0
"Coprobacillus",0,0,0,0,0,0,0,0,0,0,0,0,0,0,0,0,0,0,0.4284909267640735,0,0,0,0,1,0,0,0,0,0,0,0,0,0,0,0
"Enterobacteriaceae",0,0,0,0,0,0,0,0,0,0,0,0,0,0,0,0,0,0,0,0,0,0.42152301087670874,0,0,1,0,0,0,0,0,0,0,0,0,0
"Bifidobacterium",0,0,0,0.4286519923772925,0,0,0,0,0,0,0,0,0,0,0,0,0,0,0,0,0,0,0,0,0,1,0.6154989292390649,0.4895921371329561,0,0,0,0,0,0,0
"Turicibacter",0,0,0,0,0,0,0,0,0,0,0,0,0,0,0,0,0,0,0,0,0,0,0,0,0,0.6154989292390649,1,0,0,0,0,0,0,0,0
"Ruminococcus 2",0,0,0,0,0,0,0,0,0,0,0,0,0,0,0,0,0,0,0,0,0,0,0,0,0,0.489592137132956,0,1,0,0,0,0,0,0,0
"Clostridiaceae 1",0,-0.45340957104727353,0,0,0,0,0,0,0,0,0,0,0,0,0,0,0,0,0,0,0,0,0,0,0,0,0,0,1,0.6727191318316726,0,0,0,0,0
"Clostridiaceae 2",-0.5255600413744161,-0.6277654527676998,0,0,0,0,0,0,0,0,0,0,0,0,0,0,0,0.4270211468091989,0,0,0,0,0,0,0,0,0,0,0.6727191318316728,1,0,0,0,0,0
"Coriobacteriaceae",0,0,0,0,0,0,0,0,0,0,-0.4427996428691922,0,0,0,0,0,0,0,0,0,0,0,0,0,0,0,0,0,0,0,1,0.4458136184127818,0,0,0
"Christensenellaceae",0,0,0,0,0,0,0,0,0,0,0,0,0,0,0,0,0,0,0,0,0,0,0,0,0,0,0,0,0,0,0.4458136184127819,1,0.40680921024980515,0,0
"Ruminococcus gnavus",0,0,0,0,0,0,0,0,0,0,0,0,0,0,0,0,0,0,0,0,0,0,0,0,0,0,0,0,0,0,0,0.4068092102498052,1,0,0
"Eggerthella lenta",0,0,0,0,-0.47637849831976414,0,-0.5177174173168189,0,0,0,0,0,0,0,0,-0.41216811203937115,0,0,0,0,0,0,0,0,0,0,0,0,0,0,0,0,0,1,0.5002514463586298
"Roseburia",0,0,0,0,0,0,0,0,0,0,0,0,0,0,0,0,0,0,0,0,0,0,0,0,0,0,0,0,0,0,0,0,0,0.50025144635863,1
